
Discarded input sections

 .text          0x00000000        0x0 ..\obj\semihosting.o
 .data          0x00000000        0x0 ..\obj\semihosting.o
 .text.SH_SendString
                0x00000000       0x24 ..\obj\semihosting.o
 .text.SH_GetChar
                0x00000000       0x40 ..\obj\semihosting.o
 .text          0x00000000        0x0 ..\obj\stm32f10x_tim.o
 .data          0x00000000        0x0 ..\obj\stm32f10x_tim.o
 .bss           0x00000000        0x0 ..\obj\stm32f10x_tim.o
 .text.TIM_DeInit
                0x00000000      0x22c ..\obj\stm32f10x_tim.o
 .text.TIM_OC1Init
                0x00000000      0x118 ..\obj\stm32f10x_tim.o
 .text.TIM_OC2Init
                0x00000000      0x110 ..\obj\stm32f10x_tim.o
 .text.TIM_OC3Init
                0x00000000      0x10c ..\obj\stm32f10x_tim.o
 .text.TIM_OC4Init
                0x00000000       0xd0 ..\obj\stm32f10x_tim.o
 .text.TIM_ICInit
                0x00000000       0xa8 ..\obj\stm32f10x_tim.o
 .text.TIM_PWMIConfig
                0x00000000       0xb8 ..\obj\stm32f10x_tim.o
 .text.TIM_BDTRConfig
                0x00000000       0x50 ..\obj\stm32f10x_tim.o
 .text.TIM_TimeBaseStructInit
                0x00000000       0x34 ..\obj\stm32f10x_tim.o
 .text.TIM_OCStructInit
                0x00000000       0x44 ..\obj\stm32f10x_tim.o
 .text.TIM_ICStructInit
                0x00000000       0x30 ..\obj\stm32f10x_tim.o
 .text.TIM_BDTRStructInit
                0x00000000       0x3c ..\obj\stm32f10x_tim.o
 .text.TIM_CtrlPWMOutputs
                0x00000000       0x4c ..\obj\stm32f10x_tim.o
 .text.TIM_GenerateEvent
                0x00000000       0x1c ..\obj\stm32f10x_tim.o
 .text.TIM_DMAConfig
                0x00000000       0x28 ..\obj\stm32f10x_tim.o
 .text.TIM_DMACmd
                0x00000000       0x48 ..\obj\stm32f10x_tim.o
 .text.TIM_InternalClockConfig
                0x00000000       0x24 ..\obj\stm32f10x_tim.o
 .text.TIM_ITRxExternalClockConfig
                0x00000000       0x2c ..\obj\stm32f10x_tim.o
 .text.TIM_TIxExternalClockConfig
                0x00000000       0x60 ..\obj\stm32f10x_tim.o
 .text.TIM_ETRClockMode1Config
                0x00000000       0x5c ..\obj\stm32f10x_tim.o
 .text.TIM_ETRClockMode2Config
                0x00000000       0x3c ..\obj\stm32f10x_tim.o
 .text.TIM_ETRConfig
                0x00000000       0x54 ..\obj\stm32f10x_tim.o
 .text.TIM_PrescalerConfig
                0x00000000       0x28 ..\obj\stm32f10x_tim.o
 .text.TIM_CounterModeConfig
                0x00000000       0x38 ..\obj\stm32f10x_tim.o
 .text.TIM_SelectInputTrigger
                0x00000000       0x38 ..\obj\stm32f10x_tim.o
 .text.TIM_EncoderInterfaceConfig
                0x00000000       0x98 ..\obj\stm32f10x_tim.o
 .text.TIM_ForcedOC1Config
                0x00000000       0x38 ..\obj\stm32f10x_tim.o
 .text.TIM_ForcedOC2Config
                0x00000000       0x3c ..\obj\stm32f10x_tim.o
 .text.TIM_ForcedOC3Config
                0x00000000       0x38 ..\obj\stm32f10x_tim.o
 .text.TIM_ForcedOC4Config
                0x00000000       0x3c ..\obj\stm32f10x_tim.o
 .text.TIM_ARRPreloadConfig
                0x00000000       0x40 ..\obj\stm32f10x_tim.o
 .text.TIM_SelectCOM
                0x00000000       0x40 ..\obj\stm32f10x_tim.o
 .text.TIM_SelectCCDMA
                0x00000000       0x40 ..\obj\stm32f10x_tim.o
 .text.TIM_CCPreloadControl
                0x00000000       0x40 ..\obj\stm32f10x_tim.o
 .text.TIM_OC1PreloadConfig
                0x00000000       0x38 ..\obj\stm32f10x_tim.o
 .text.TIM_OC2PreloadConfig
                0x00000000       0x3c ..\obj\stm32f10x_tim.o
 .text.TIM_OC3PreloadConfig
                0x00000000       0x38 ..\obj\stm32f10x_tim.o
 .text.TIM_OC4PreloadConfig
                0x00000000       0x3c ..\obj\stm32f10x_tim.o
 .text.TIM_OC1FastConfig
                0x00000000       0x38 ..\obj\stm32f10x_tim.o
 .text.TIM_OC2FastConfig
                0x00000000       0x3c ..\obj\stm32f10x_tim.o
 .text.TIM_OC3FastConfig
                0x00000000       0x38 ..\obj\stm32f10x_tim.o
 .text.TIM_OC4FastConfig
                0x00000000       0x3c ..\obj\stm32f10x_tim.o
 .text.TIM_ClearOC1Ref
                0x00000000       0x38 ..\obj\stm32f10x_tim.o
 .text.TIM_ClearOC2Ref
                0x00000000       0x3c ..\obj\stm32f10x_tim.o
 .text.TIM_ClearOC3Ref
                0x00000000       0x38 ..\obj\stm32f10x_tim.o
 .text.TIM_ClearOC4Ref
                0x00000000       0x3c ..\obj\stm32f10x_tim.o
 .text.TIM_OC1PolarityConfig
                0x00000000       0x38 ..\obj\stm32f10x_tim.o
 .text.TIM_OC1NPolarityConfig
                0x00000000       0x38 ..\obj\stm32f10x_tim.o
 .text.TIM_OC2PolarityConfig
                0x00000000       0x3c ..\obj\stm32f10x_tim.o
 .text.TIM_OC2NPolarityConfig
                0x00000000       0x3c ..\obj\stm32f10x_tim.o
 .text.TIM_OC3PolarityConfig
                0x00000000       0x3c ..\obj\stm32f10x_tim.o
 .text.TIM_OC3NPolarityConfig
                0x00000000       0x3c ..\obj\stm32f10x_tim.o
 .text.TIM_OC4PolarityConfig
                0x00000000       0x3c ..\obj\stm32f10x_tim.o
 .text.TIM_CCxCmd
                0x00000000       0x54 ..\obj\stm32f10x_tim.o
 .text.TIM_CCxNCmd
                0x00000000       0x54 ..\obj\stm32f10x_tim.o
 .text.TIM_SelectOCxM
                0x00000000       0xac ..\obj\stm32f10x_tim.o
 .text.TIM_UpdateDisableConfig
                0x00000000       0x40 ..\obj\stm32f10x_tim.o
 .text.TIM_UpdateRequestConfig
                0x00000000       0x40 ..\obj\stm32f10x_tim.o
 .text.TIM_SelectHallSensor
                0x00000000       0x40 ..\obj\stm32f10x_tim.o
 .text.TIM_SelectOnePulseMode
                0x00000000       0x38 ..\obj\stm32f10x_tim.o
 .text.TIM_SelectOutputTrigger
                0x00000000       0x38 ..\obj\stm32f10x_tim.o
 .text.TIM_SelectSlaveMode
                0x00000000       0x38 ..\obj\stm32f10x_tim.o
 .text.TIM_SelectMasterSlaveMode
                0x00000000       0x38 ..\obj\stm32f10x_tim.o
 .text.TIM_SetCounter
                0x00000000       0x1c ..\obj\stm32f10x_tim.o
 .text.TIM_SetAutoreload
                0x00000000       0x1c ..\obj\stm32f10x_tim.o
 .text.TIM_SetCompare1
                0x00000000       0x1c ..\obj\stm32f10x_tim.o
 .text.TIM_SetCompare2
                0x00000000       0x1c ..\obj\stm32f10x_tim.o
 .text.TIM_SetCompare3
                0x00000000       0x1c ..\obj\stm32f10x_tim.o
 .text.TIM_SetCompare4
                0x00000000       0x20 ..\obj\stm32f10x_tim.o
 .text.TIM_SetIC1Prescaler
                0x00000000       0x38 ..\obj\stm32f10x_tim.o
 .text.TIM_SetIC2Prescaler
                0x00000000       0x3c ..\obj\stm32f10x_tim.o
 .text.TIM_SetIC3Prescaler
                0x00000000       0x38 ..\obj\stm32f10x_tim.o
 .text.TIM_SetIC4Prescaler
                0x00000000       0x3c ..\obj\stm32f10x_tim.o
 .text.TIM_SetClockDivision
                0x00000000       0x38 ..\obj\stm32f10x_tim.o
 .text.TIM_GetCapture1
                0x00000000       0x1c ..\obj\stm32f10x_tim.o
 .text.TIM_GetCapture2
                0x00000000       0x1c ..\obj\stm32f10x_tim.o
 .text.TIM_GetCapture3
                0x00000000       0x1c ..\obj\stm32f10x_tim.o
 .text.TIM_GetCapture4
                0x00000000       0x1c ..\obj\stm32f10x_tim.o
 .text.TIM_GetCounter
                0x00000000       0x1c ..\obj\stm32f10x_tim.o
 .text.TIM_GetPrescaler
                0x00000000       0x1c ..\obj\stm32f10x_tim.o
 .text.TIM_GetFlagStatus
                0x00000000       0x38 ..\obj\stm32f10x_tim.o
 .text.TIM_ClearFlag
                0x00000000       0x20 ..\obj\stm32f10x_tim.o
 .text.TI1_Config
                0x00000000       0xe0 ..\obj\stm32f10x_tim.o
 .text.TI2_Config
                0x00000000       0xf4 ..\obj\stm32f10x_tim.o
 .text.TI3_Config
                0x00000000       0xec ..\obj\stm32f10x_tim.o
 .text.TI4_Config
                0x00000000       0xf8 ..\obj\stm32f10x_tim.o
 .text          0x00000000        0x0 ..\obj\system_stm32f10x.o
 .bss           0x00000000        0x0 ..\obj\system_stm32f10x.o
 .text.SystemCoreClockUpdate
                0x00000000       0xdc ..\obj\system_stm32f10x.o
 .text          0x00000000        0x0 ..\obj\startup_stm32f10x_hd.o
 .data          0x00000000        0x0 ..\obj\startup_stm32f10x_hd.o
 .bss           0x00000000        0x0 ..\obj\startup_stm32f10x_hd.o
 .text          0x00000000        0x0 ..\obj\stm32f10x_gpio.o
 .data          0x00000000        0x0 ..\obj\stm32f10x_gpio.o
 .bss           0x00000000        0x0 ..\obj\stm32f10x_gpio.o
 .text.GPIO_DeInit
                0x00000000       0xe4 ..\obj\stm32f10x_gpio.o
 .text.GPIO_AFIODeInit
                0x00000000       0x18 ..\obj\stm32f10x_gpio.o
 .text.GPIO_ReadInputDataBit
                0x00000000       0x34 ..\obj\stm32f10x_gpio.o
 .text.GPIO_ReadInputData
                0x00000000       0x1c ..\obj\stm32f10x_gpio.o
 .text.GPIO_ReadOutputDataBit
                0x00000000       0x34 ..\obj\stm32f10x_gpio.o
 .text.GPIO_ReadOutputData
                0x00000000       0x1c ..\obj\stm32f10x_gpio.o
 .text.GPIO_SetBits
                0x00000000       0x1c ..\obj\stm32f10x_gpio.o
 .text.GPIO_ResetBits
                0x00000000       0x1c ..\obj\stm32f10x_gpio.o
 .text.GPIO_WriteBit
                0x00000000       0x30 ..\obj\stm32f10x_gpio.o
 .text.GPIO_Write
                0x00000000       0x1c ..\obj\stm32f10x_gpio.o
 .text.GPIO_PinLockConfig
                0x00000000       0x44 ..\obj\stm32f10x_gpio.o
 .text.GPIO_EventOutputConfig
                0x00000000       0x4c ..\obj\stm32f10x_gpio.o
 .text.GPIO_EventOutputCmd
                0x00000000       0x20 ..\obj\stm32f10x_gpio.o
 .text.GPIO_PinRemapConfig
                0x00000000       0xe0 ..\obj\stm32f10x_gpio.o
 .text.GPIO_EXTILineConfig
                0x00000000       0x84 ..\obj\stm32f10x_gpio.o
 .text.GPIO_ETH_MediaInterfaceConfig
                0x00000000       0x1c ..\obj\stm32f10x_gpio.o
 .text          0x00000000        0x0 ..\obj\main.o
 .data          0x00000000        0x0 ..\obj\main.o
 .text          0x00000000        0x0 ..\obj\printf.o
 .bss           0x00000000        0x0 ..\obj\printf.o
 .text.PutChar  0x00000000       0x20 ..\obj\printf.o
 .text.PutString
                0x00000000       0x3c ..\obj\printf.o
 .text.PutUnsignedInt
                0x00000000       0xa0 ..\obj\printf.o
 .text.PutSignedInt
                0x00000000      0x104 ..\obj\printf.o
 .text.PutHexa  0x00000000       0xd8 ..\obj\printf.o
 .text.vsnprintf
                0x00000000      0x25c ..\obj\printf.o
 .text.snprintf
                0x00000000       0x30 ..\obj\printf.o
 .text.vsprintf
                0x00000000       0x24 ..\obj\printf.o
 .rodata        0x00000000       0x24 ..\obj\printf.o
 .text.vfprintf
                0x00000000       0x68 ..\obj\printf.o
 .text.vprintf  0x00000000       0x28 ..\obj\printf.o
 .text.fprintf  0x00000000       0x2c ..\obj\printf.o
 .text.printf   0x00000000       0x28 ..\obj\printf.o
 .text.sprintf  0x00000000       0x2c ..\obj\printf.o
 .text          0x00000000        0x0 ..\obj\stm32f10x_rcc.o
 .data          0x00000000       0x14 ..\obj\stm32f10x_rcc.o
 .bss           0x00000000        0x0 ..\obj\stm32f10x_rcc.o
 .text.RCC_DeInit
                0x00000000       0x5c ..\obj\stm32f10x_rcc.o
 .text.RCC_HSEConfig
                0x00000000       0x5c ..\obj\stm32f10x_rcc.o
 .text.RCC_WaitForHSEStartUp
                0x00000000       0x50 ..\obj\stm32f10x_rcc.o
 .text.RCC_AdjustHSICalibrationValue
                0x00000000       0x3c ..\obj\stm32f10x_rcc.o
 .text.RCC_HSICmd
                0x00000000       0x20 ..\obj\stm32f10x_rcc.o
 .text.RCC_PLLConfig
                0x00000000       0x3c ..\obj\stm32f10x_rcc.o
 .text.RCC_PLLCmd
                0x00000000       0x20 ..\obj\stm32f10x_rcc.o
 .text.RCC_SYSCLKConfig
                0x00000000       0x38 ..\obj\stm32f10x_rcc.o
 .text.RCC_GetSYSCLKSource
                0x00000000       0x20 ..\obj\stm32f10x_rcc.o
 .text.RCC_HCLKConfig
                0x00000000       0x38 ..\obj\stm32f10x_rcc.o
 .text.RCC_PCLK2Config
                0x00000000       0x38 ..\obj\stm32f10x_rcc.o
 .text.RCC_ITConfig
                0x00000000       0x4c ..\obj\stm32f10x_rcc.o
 .text.RCC_USBCLKConfig
                0x00000000       0x1c ..\obj\stm32f10x_rcc.o
 .text.RCC_ADCCLKConfig
                0x00000000       0x38 ..\obj\stm32f10x_rcc.o
 .text.RCC_LSEConfig
                0x00000000       0x40 ..\obj\stm32f10x_rcc.o
 .text.RCC_LSICmd
                0x00000000       0x20 ..\obj\stm32f10x_rcc.o
 .text.RCC_RTCCLKConfig
                0x00000000       0x24 ..\obj\stm32f10x_rcc.o
 .text.RCC_RTCCLKCmd
                0x00000000       0x20 ..\obj\stm32f10x_rcc.o
 .text.RCC_GetClocksFreq
                0x00000000      0x164 ..\obj\stm32f10x_rcc.o
 .text.RCC_AHBPeriphClockCmd
                0x00000000       0x3c ..\obj\stm32f10x_rcc.o
 .text.RCC_APB2PeriphResetCmd
                0x00000000       0x3c ..\obj\stm32f10x_rcc.o
 .text.RCC_APB1PeriphResetCmd
                0x00000000       0x3c ..\obj\stm32f10x_rcc.o
 .text.RCC_BackupResetCmd
                0x00000000       0x20 ..\obj\stm32f10x_rcc.o
 .text.RCC_ClockSecuritySystemCmd
                0x00000000       0x20 ..\obj\stm32f10x_rcc.o
 .text.RCC_MCOConfig
                0x00000000       0x20 ..\obj\stm32f10x_rcc.o
 .text.RCC_GetFlagStatus
                0x00000000       0x74 ..\obj\stm32f10x_rcc.o
 .text.RCC_ClearFlag
                0x00000000       0x1c ..\obj\stm32f10x_rcc.o
 .text.RCC_GetITStatus
                0x00000000       0x38 ..\obj\stm32f10x_rcc.o
 .text.RCC_ClearITPendingBit
                0x00000000       0x20 ..\obj\stm32f10x_rcc.o
 .data          0x00000000        0x0 ..\obj\sh_cmd.o
 .bss           0x00000000        0x0 ..\obj\sh_cmd.o
 .text          0x00000000        0x0 ..\obj\misc.o
 .data          0x00000000        0x0 ..\obj\misc.o
 .bss           0x00000000        0x0 ..\obj\misc.o
 .text.NVIC_PriorityGroupConfig
                0x00000000       0x24 ..\obj\misc.o
 .text.NVIC_SetVectorTable
                0x00000000       0x2c ..\obj\misc.o
 .text.NVIC_SystemLPConfig
                0x00000000       0x40 ..\obj\misc.o
 .text.SysTick_CLKSourceConfig
                0x00000000       0x38 ..\obj\misc.o
 .text          0x00000000        0x0 ..\obj\LED.o
 .bss           0x00000000        0x0 ..\obj\LED.o
 .text.LED_Set_Color
                0x00000000       0x24 ..\obj\LED.o

Memory Configuration

Name             Origin             Length             Attributes
rom              0x08000000         0x00040000         xr
ram              0x20000000         0x0000c000         xrw
*default*        0x00000000         0xffffffff

Linker script and memory map

                0x2000c000                _eram = 0x2000c000

.text           0x08000000      0xbb8
 *(.isr_vector)
 .isr_vector    0x08000000      0x134 ..\obj\startup_stm32f10x_hd.o
                0x08000000                g_pfnVectors
 *(.text*)
 .text.SH_SendChar
                0x08000134       0x68 ..\obj\semihosting.o
                0x08000134                SH_SendChar
 .text.TIM_TimeBaseInit
                0x0800019c       0xf8 ..\obj\stm32f10x_tim.o
                0x0800019c                TIM_TimeBaseInit
 .text.TIM_Cmd  0x08000294       0x40 ..\obj\stm32f10x_tim.o
                0x08000294                TIM_Cmd
 .text.TIM_ITConfig
                0x080002d4       0x48 ..\obj\stm32f10x_tim.o
                0x080002d4                TIM_ITConfig
 .text.TIM_GetITStatus
                0x0800031c       0x54 ..\obj\stm32f10x_tim.o
                0x0800031c                TIM_GetITStatus
 .text.TIM_ClearITPendingBit
                0x08000370       0x20 ..\obj\stm32f10x_tim.o
                0x08000370                TIM_ClearITPendingBit
 .text.SystemInit
                0x08000390       0x68 ..\obj\system_stm32f10x.o
                0x08000390                SystemInit
 .text.SetSysClock
                0x080003f8        0xc ..\obj\system_stm32f10x.o
 .text.SetSysClockTo72
                0x08000404      0x100 ..\obj\system_stm32f10x.o
 .text.Default_Reset_Handler
                0x08000504       0x5c ..\obj\startup_stm32f10x_hd.o
                0x08000504                Default_Reset_Handler
                0x08000504                Reset_Handler
 .text.Default_Handler
                0x08000560        0x8 ..\obj\startup_stm32f10x_hd.o
                0x08000560                EXTI2_IRQHandler
                0x08000560                TIM8_TRG_COM_IRQHandler
                0x08000560                TIM8_CC_IRQHandler
                0x08000560                DebugMon_Handler
                0x08000560                TIM1_CC_IRQHandler
                0x08000560                TIM6_IRQHandler
                0x08000560                SysTick_Handler
                0x08000560                PVD_IRQHandler
                0x08000560                SDIO_IRQHandler
                0x08000560                PendSV_Handler
                0x08000560                NMI_Handler
                0x08000560                EXTI3_IRQHandler
                0x08000560                EXTI0_IRQHandler
                0x08000560                I2C2_EV_IRQHandler
                0x08000560                UsageFault_Handler
                0x08000560                ADC1_2_IRQHandler
                0x08000560                SPI1_IRQHandler
                0x08000560                TAMPER_IRQHandler
                0x08000560                TIM8_UP_IRQHandler
                0x08000560                DMA2_Channel2_IRQHandler
                0x08000560                DMA1_Channel4_IRQHandler
                0x08000560                USART3_IRQHandler
                0x08000560                RTC_IRQHandler
                0x08000560                DMA1_Channel7_IRQHandler
                0x08000560                CAN1_RX1_IRQHandler
                0x08000560                UART5_IRQHandler
                0x08000560                ADC3_IRQHandler
                0x08000560                TIM4_IRQHandler
                0x08000560                DMA2_Channel1_IRQHandler
                0x08000560                I2C1_EV_IRQHandler
                0x08000560                DMA1_Channel6_IRQHandler
                0x08000560                UART4_IRQHandler
                0x08000560                TIM3_IRQHandler
                0x08000560                RCC_IRQHandler
                0x08000560                TIM1_TRG_COM_IRQHandler
                0x08000560                DMA1_Channel1_IRQHandler
                0x08000560                EXTI15_10_IRQHandler
                0x08000560                TIM7_IRQHandler
                0x08000560                TIM5_IRQHandler
                0x08000560                EXTI9_5_IRQHandler
                0x08000560                SPI2_IRQHandler
                0x08000560                MemManage_Handler
                0x08000560                SVC_Handler
                0x08000560                DMA1_Channel5_IRQHandler
                0x08000560                EXTI4_IRQHandler
                0x08000560                USB_LP_CAN1_RX0_IRQHandler
                0x08000560                USB_HP_CAN1_TX_IRQHandler
                0x08000560                DMA1_Channel3_IRQHandler
                0x08000560                FSMC_IRQHandler
                0x08000560                TIM1_UP_IRQHandler
                0x08000560                WWDG_IRQHandler
                0x08000560                TIM1_BRK_IRQHandler
                0x08000560                EXTI1_IRQHandler
                0x08000560                RTCAlarm_IRQHandler
                0x08000560                DMA2_Channel4_5_IRQHandler
                0x08000560                USART2_IRQHandler
                0x08000560                I2C2_ER_IRQHandler
                0x08000560                DMA1_Channel2_IRQHandler
                0x08000560                TIM8_BRK_IRQHandler
                0x08000560                CAN1_SCE_IRQHandler
                0x08000560                FLASH_IRQHandler
                0x08000560                BusFault_Handler
                0x08000560                USART1_IRQHandler
                0x08000560                SPI3_IRQHandler
                0x08000560                I2C1_ER_IRQHandler
                0x08000560                USBWakeUp_IRQHandler
                0x08000560                DMA2_Channel3_IRQHandler
 .text.GPIO_Init
                0x08000568      0x180 ..\obj\stm32f10x_gpio.o
                0x08000568                GPIO_Init
 .text.GPIO_StructInit
                0x080006e8       0x28 ..\obj\stm32f10x_gpio.o
                0x080006e8                GPIO_StructInit
 .text.main     0x08000710       0xb8 ..\obj\main.o
                0x08000710                main
 .text.PrintChar
                0x080007c8       0x18 ..\obj\printf.o
                0x080007c8                PrintChar
 .text.puts     0x080007e0       0x24 ..\obj\printf.o
                0x080007e0                puts
 .text.fputc    0x08000804       0x40 ..\obj\printf.o
                0x08000804                fputc
 .text.fputs    0x08000844       0x48 ..\obj\printf.o
                0x08000844                fputs
 .text.RCC_PCLK1Config
                0x0800088c       0x38 ..\obj\stm32f10x_rcc.o
                0x0800088c                RCC_PCLK1Config
 .text.RCC_APB2PeriphClockCmd
                0x080008c4       0x3c ..\obj\stm32f10x_rcc.o
                0x080008c4                RCC_APB2PeriphClockCmd
 .text.RCC_APB1PeriphClockCmd
                0x08000900       0x3c ..\obj\stm32f10x_rcc.o
                0x08000900                RCC_APB1PeriphClockCmd
 .text          0x0800093c       0x28 ..\obj\sh_cmd.o
                0x0800093c                SH_DoCommand
                0x0800094e                HardFault_Handler
 .text.NVIC_Init
                0x08000964       0xc4 ..\obj\misc.o
                0x08000964                NVIC_Init
 .text.LED_Config
                0x08000a28       0x5c ..\obj\LED.o
                0x08000a28                LED_Config
 .text.LED_Toggle_Start
                0x08000a84       0x80 ..\obj\LED.o
                0x08000a84                LED_Toggle_Start
 .text.LED_Toggle_Stop
                0x08000b04       0x20 ..\obj\LED.o
                0x08000b04                LED_Toggle_Stop
 .text.LED_Set_Off
                0x08000b24       0x18 ..\obj\LED.o
                0x08000b24                LED_Set_Off
 .text.LED_Toggle
                0x08000b3c       0x24 ..\obj\LED.o
                0x08000b3c                LED_Toggle
 .text.TIM2_IRQHandler
                0x08000b60       0x30 ..\obj\LED.o
                0x08000b60                TIM2_IRQHandler
 *(.init)
 *(.fini)
 *crtbegin.o(.ctors)
 *crtbegin?.o(.ctors)
 *(EXCLUDE_FILE(*crtend.o *crtend?.o) .ctors)
 *(SORT(.ctors.*))
 *(.ctors)
 *crtbegin.o(.dtors)
 *crtbegin?.o(.dtors)
 *(EXCLUDE_FILE(*crtend.o *crtend?.o) .dtors)
 *(SORT(.dtors.*))
 *(.dtors)
 *(.rodata*)
 .rodata        0x08000b90       0x28 ..\obj\main.o
 *(.eh_fram e*)

.glue_7         0x08000bb8        0x0
 .glue_7        0x00000000        0x0 linker stubs

.glue_7t        0x08000bb8        0x0
 .glue_7t       0x00000000        0x0 linker stubs

.vfp11_veneer   0x08000bb8        0x0
 .vfp11_veneer  0x00000000        0x0 linker stubs

.v4_bx          0x08000bb8        0x0
 .v4_bx         0x00000000        0x0 linker stubs

.iplt           0x08000bb8        0x0
 .iplt          0x00000000        0x0 ..\obj\semihosting.o

.rel.dyn        0x08000bb8        0x0
 .rel.iplt      0x00000000        0x0 ..\obj\semihosting.o

.ARM.extab
 *(.ARM.extab* .gnu.linkonce.armextab.*)
                0x08000bb8                __exidx_start = .

.ARM.exidx
 *(.ARM.exidx* .gnu.linkonce.armexidx.*)
                0x08000bb8                __exidx_end = .
                0x08000bb8                __etext = .
                0x08000bb8                _sidata = __etext

.data           0x20000000      0x44c load address 0x08000bb8
                0x20000000                __data_start__ = .
                0x20000000                _sdata = __data_start__
 *(vtable)
 *(.data*)
 .data          0x20000000       0x14 ..\obj\system_stm32f10x.o
                0x20000000                SystemCoreClock
                0x20000004                AHBPrescTable
 *fill*         0x20000014        0x4 
 .data          0x20000018      0x430 ..\obj\printf.o
                0x20000018                r
                0x20000440                _impure_ptr
 .data          0x20000448        0x1 ..\obj\LED.o
                0x2000044c                . = ALIGN (0x4)
 *fill*         0x20000449        0x3 
                0x2000044c                PROVIDE (__preinit_array_start, .)
 *(.preinit_array)
                0x2000044c                PROVIDE (__preinit_array_end, .)
                0x2000044c                . = ALIGN (0x4)
                0x2000044c                PROVIDE (__init_array_start, .)
 *(SORT(.init_array.*))
 *(.init_array)
                0x2000044c                PROVIDE (__init_array_end, .)
                0x2000044c                . = ALIGN (0x4)
                0x2000044c                PROVIDE (__fini_array_start, .)
 *(SORT(.fini_array.*))
 *(.fini_array)
                0x2000044c                PROVIDE (__fini_array_end, .)
 *(.jcr*)
                0x2000044c                . = ALIGN (0x4)
                0x2000044c                __data_end__ = .
                0x2000044c                _edata = __data_end__

.igot.plt       0x2000044c        0x0 load address 0x08001004
 .igot.plt      0x00000000        0x0 ..\obj\semihosting.o

.bss            0x2000044c       0x18 load address 0x08001004
                0x2000044c                . = ALIGN (0x4)
                0x2000044c                __bss_start__ = .
                0x2000044c                _sbss = __bss_start__
 *(.bss*)
 .bss           0x2000044c       0x14 ..\obj\semihosting.o
 .bss           0x20000460        0x4 ..\obj\main.o
 *(COMMON)
                0x20000464                . = ALIGN (0x4)
                0x20000464                __bss_end__ = .
                0x20000464                _ebss = __bss_end__

.heap           0x20000464        0x0
                0x20000464                __end__ = .
                0x20000464                _end = __end__
                0x20000464                end = __end__
 *(.heap*)
                0x20000464                __HeapLimit = .

.co_stack       0x20000464      0x404 load address 0x0800101c
                0x20000468                . = ALIGN (0x8)
 *fill*         0x20000464        0x4 
 *(.co_stack .co_stack.*)
 .co_stack      0x20000468      0x400 ..\obj\startup_stm32f10x_hd.o
                0x20000468                pulStack
                0x2000c000                __StackTop = (ORIGIN (ram) + 0xc000)
                0x2000bbfc                __StackLimit = (__StackTop - SIZEOF (.co_stack))
                0x2000c000                PROVIDE (__stack, __StackTop)
                0x00000001                ASSERT ((__StackLimit >= __HeapLimit), region ram  overflowed with stack)
LOAD ..\obj\semihosting.o
LOAD ..\obj\stm32f10x_tim.o
LOAD ..\obj\system_stm32f10x.o
LOAD ..\obj\startup_stm32f10x_hd.o
LOAD ..\obj\stm32f10x_gpio.o
LOAD ..\obj\main.o
LOAD ..\obj\printf.o
LOAD ..\obj\stm32f10x_rcc.o
LOAD ..\obj\sh_cmd.o
LOAD ..\obj\misc.o
LOAD ..\obj\LED.o
START GROUP
LOAD c:/program files (x86)/outils professionnels/gcc arm none eabi/bin/../lib/gcc/arm-none-eabi/4.9.3/armv7-m\libgcc.a
LOAD c:/program files (x86)/outils professionnels/gcc arm none eabi/bin/../lib/gcc/arm-none-eabi/4.9.3/../../../../arm-none-eabi/lib/armv7-m\libg.a
LOAD c:/program files (x86)/outils professionnels/gcc arm none eabi/bin/../lib/gcc/arm-none-eabi/4.9.3/../../../../arm-none-eabi/lib/armv7-m\libc.a
END GROUP
OUTPUT(LED Toggle.elf elf32-littlearm)

.debug_info     0x00000000     0x4f17
 .debug_info    0x00000000      0x12b ..\obj\semihosting.o
 .debug_info    0x0000012b     0x1c58 ..\obj\stm32f10x_tim.o
 .debug_info    0x00001d83      0x479 ..\obj\system_stm32f10x.o
 .debug_info    0x000021fc       0xe9 ..\obj\startup_stm32f10x_hd.o
 .debug_info    0x000022e5      0x6e7 ..\obj\stm32f10x_gpio.o
 .debug_info    0x000029cc      0x102 ..\obj\main.o
 .debug_info    0x00002ace      0xe38 ..\obj\printf.o
 .debug_info    0x00003906      0x88d ..\obj\stm32f10x_rcc.o
 .debug_info    0x00004193       0x7c ..\obj\sh_cmd.o
 .debug_info    0x0000420f      0x53d ..\obj\misc.o
 .debug_info    0x0000474c      0x7cb ..\obj\LED.o

.debug_abbrev   0x00000000      0xda6
 .debug_abbrev  0x00000000       0xab ..\obj\semihosting.o
 .debug_abbrev  0x000000ab      0x1b0 ..\obj\stm32f10x_tim.o
 .debug_abbrev  0x0000025b      0x14c ..\obj\system_stm32f10x.o
 .debug_abbrev  0x000003a7       0xa7 ..\obj\startup_stm32f10x_hd.o
 .debug_abbrev  0x0000044e      0x1c8 ..\obj\stm32f10x_gpio.o
 .debug_abbrev  0x00000616       0x90 ..\obj\main.o
 .debug_abbrev  0x000006a6      0x27e ..\obj\printf.o
 .debug_abbrev  0x00000924      0x1ba ..\obj\stm32f10x_rcc.o
 .debug_abbrev  0x00000ade       0x14 ..\obj\sh_cmd.o
 .debug_abbrev  0x00000af2      0x145 ..\obj\misc.o
 .debug_abbrev  0x00000c37      0x16f ..\obj\LED.o

.debug_aranges  0x00000000      0x6b0
 .debug_aranges
                0x00000000       0x30 ..\obj\semihosting.o
 .debug_aranges
                0x00000030      0x2f0 ..\obj\stm32f10x_tim.o
 .debug_aranges
                0x00000320       0x38 ..\obj\system_stm32f10x.o
 .debug_aranges
                0x00000358       0x28 ..\obj\startup_stm32f10x_hd.o
 .debug_aranges
                0x00000380       0xa8 ..\obj\stm32f10x_gpio.o
 .debug_aranges
                0x00000428       0x20 ..\obj\main.o
 .debug_aranges
                0x00000448       0xa0 ..\obj\printf.o
 .debug_aranges
                0x000004e8      0x118 ..\obj\stm32f10x_rcc.o
 .debug_aranges
                0x00000600       0x20 ..\obj\sh_cmd.o
 .debug_aranges
                0x00000620       0x40 ..\obj\misc.o
 .debug_aranges
                0x00000660       0x50 ..\obj\LED.o

.debug_ranges   0x00000000      0x5f0
 .debug_ranges  0x00000000       0x20 ..\obj\semihosting.o
 .debug_ranges  0x00000020      0x2e0 ..\obj\stm32f10x_tim.o
 .debug_ranges  0x00000300       0x28 ..\obj\system_stm32f10x.o
 .debug_ranges  0x00000328       0x18 ..\obj\startup_stm32f10x_hd.o
 .debug_ranges  0x00000340       0x98 ..\obj\stm32f10x_gpio.o
 .debug_ranges  0x000003d8       0x10 ..\obj\main.o
 .debug_ranges  0x000003e8       0x90 ..\obj\printf.o
 .debug_ranges  0x00000478      0x108 ..\obj\stm32f10x_rcc.o
 .debug_ranges  0x00000580       0x30 ..\obj\misc.o
 .debug_ranges  0x000005b0       0x40 ..\obj\LED.o

.debug_line     0x00000000     0x1fb4
 .debug_line    0x00000000       0x9d ..\obj\semihosting.o
 .debug_line    0x0000009d      0xaa3 ..\obj\stm32f10x_tim.o
 .debug_line    0x00000b40      0x203 ..\obj\system_stm32f10x.o
 .debug_line    0x00000d43       0x92 ..\obj\startup_stm32f10x_hd.o
 .debug_line    0x00000dd5      0x37b ..\obj\stm32f10x_gpio.o
 .debug_line    0x00001150      0x183 ..\obj\main.o
 .debug_line    0x000012d3      0x378 ..\obj\printf.o
 .debug_line    0x0000164b      0x488 ..\obj\stm32f10x_rcc.o
 .debug_line    0x00001ad3       0x6f ..\obj\sh_cmd.o
 .debug_line    0x00001b42      0x209 ..\obj\misc.o
 .debug_line    0x00001d4b      0x269 ..\obj\LED.o

.debug_str      0x00000000     0x2271
 .debug_str     0x00000000      0x13e ..\obj\semihosting.o
                                0x177 (size before relaxing)
 .debug_str     0x0000013e      0xc3d ..\obj\stm32f10x_tim.o
                                0xdd5 (size before relaxing)
 .debug_str     0x00000d7b      0x162 ..\obj\system_stm32f10x.o
                                0x2e7 (size before relaxing)
 .debug_str     0x00000edd       0xa0 ..\obj\startup_stm32f10x_hd.o
                                0x137 (size before relaxing)
 .debug_str     0x00000f7d      0x36e ..\obj\stm32f10x_gpio.o
                                0x511 (size before relaxing)
 .debug_str     0x000012eb       0xbe ..\obj\main.o
                                0x1eb (size before relaxing)
 .debug_str     0x000013a9      0x4b5 ..\obj\printf.o
                                0x63e (size before relaxing)
 .debug_str     0x0000185e      0x3d8 ..\obj\stm32f10x_rcc.o
                                0x612 (size before relaxing)
 .debug_str     0x00001c36      0x1ba ..\obj\misc.o
                                0x3b6 (size before relaxing)
 .debug_str     0x00001df0      0x481 ..\obj\LED.o
                                0x9ae (size before relaxing)

.comment        0x00000000       0x70
 .comment       0x00000000       0x70 ..\obj\semihosting.o
                                 0x71 (size before relaxing)
 .comment       0x00000000       0x71 ..\obj\stm32f10x_tim.o
 .comment       0x00000000       0x71 ..\obj\system_stm32f10x.o
 .comment       0x00000000       0x71 ..\obj\startup_stm32f10x_hd.o
 .comment       0x00000000       0x71 ..\obj\stm32f10x_gpio.o
 .comment       0x00000000       0x71 ..\obj\main.o
 .comment       0x00000000       0x71 ..\obj\printf.o
 .comment       0x00000000       0x71 ..\obj\stm32f10x_rcc.o
 .comment       0x00000000       0x71 ..\obj\misc.o
 .comment       0x00000000       0x71 ..\obj\LED.o

.ARM.attributes
                0x00000000       0x31
 .ARM.attributes
                0x00000000       0x33 ..\obj\semihosting.o
 .ARM.attributes
                0x00000033       0x33 ..\obj\stm32f10x_tim.o
 .ARM.attributes
                0x00000066       0x33 ..\obj\system_stm32f10x.o
 .ARM.attributes
                0x00000099       0x33 ..\obj\startup_stm32f10x_hd.o
 .ARM.attributes
                0x000000cc       0x33 ..\obj\stm32f10x_gpio.o
 .ARM.attributes
                0x000000ff       0x33 ..\obj\main.o
 .ARM.attributes
                0x00000132       0x33 ..\obj\printf.o
 .ARM.attributes
                0x00000165       0x33 ..\obj\stm32f10x_rcc.o
 .ARM.attributes
                0x00000198       0x21 ..\obj\sh_cmd.o
 .ARM.attributes
                0x000001b9       0x33 ..\obj\misc.o
 .ARM.attributes
                0x000001ec       0x33 ..\obj\LED.o

.debug_frame    0x00000000     0x1c30
 .debug_frame   0x00000000       0x7c ..\obj\semihosting.o
 .debug_frame   0x0000007c      0xe2c ..\obj\stm32f10x_tim.o
 .debug_frame   0x00000ea8       0x98 ..\obj\system_stm32f10x.o
 .debug_frame   0x00000f40       0x4c ..\obj\startup_stm32f10x_hd.o
 .debug_frame   0x00000f8c      0x2d0 ..\obj\stm32f10x_gpio.o
 .debug_frame   0x0000125c       0x2c ..\obj\main.o
 .debug_frame   0x00001288      0x2dc ..\obj\printf.o
 .debug_frame   0x00001564      0x4f4 ..\obj\stm32f10x_rcc.o
 .debug_frame   0x00001a58       0xd8 ..\obj\misc.o
 .debug_frame   0x00001b30      0x100 ..\obj\LED.o
